------------------
JXLinux
------------------
Fb: https://fb.com/groups/volamquan
Team: Eurofun

8.1.11
---------
Update Patch: babyduck3k (edited and synthesized by thinhnguyen168 and babyduck3k)
Noi dung:
- Mở map Vũ Hồn và các NPCs Vũ Hồn
- Chỉnh sửa giao diện Xung Mạch
- Giới thiệu chức năng reset hệ thống điểm Kinh Mạch (giới thiệu 2 skills mới Kinh Mạch Sơ Cấp và Trung Cấp)
- Bổ sung chức năng Lấy đồ tím vào Lệnh bài Test
- Bổ sung thêm chức năng Triệu hồi lệnh bài test cũ (!)
- Ngay Up: 19h15 ngay 33/04/2022

8.1.10
---------
Update Patch: babyduck3k (edited and synthesized by thinhnguyen168)
Noi dung:
- Bổ sung Kỳ Trân Các trang 4
- Lệnh bài lên map 10x, 11x
- Kim Mã cẩm nang
- Boss triệu hoán phù
- Trang bị hoàng kim ẩn
- Việt hoá Hành trang
Ngay Up: 20h00 ngay 15/03/2022

8.1.9
---------
Update Patch: babyduck3k (edited and synthesized by thinhnguyen168)
Noi dung:
- Bổ sung 4 loại ngựa mới (1 Thiết mã và 3 cáo ba đuôi)
Ngay Up: 21h00 ngay 04/03/2022

8.0 - 8.1.8
---------
Update Patch: babyduck3k (edited and synthesized by thinhnguyen168)
Noi dung:
- Xoá bỏ logs và các tập tin dư thừa không cần thiết
- Tổ chức lại một số thư mục scripts trên máy chủ CentOS
- Thêm chức năng xoá core dump
- Rương phần thưởng không thể tắt
- Map tiếng Hoa -> map tiếng Việt
- Ngoại hình trang bị, vũ khí Vũ Hồn và các loại ngựa cao cấp bi mất hiển thị
- Trang trí các thành thị bằng cây đào, đèn, các đoàn NPC múa lân và tự đốt pháo.
- Nhận hộp quà năm mới ở Chân núi Trường Bạch
- Farm quái ở các map Trường Bạch Sơn Bắc/Nam, Mạc Cao Quật và Sa Mạc 3
- Add và mở map Hoa Sơn phái
- Add, chỉnh sửa NPC id và phần thưởng nhiệm vụ phái
- Chỉnh sửa skills và hiển thị skills
- Chỉnh sửa lại quest nhiệm vụ 9x Hoa Sơn
- Add các NPC sử dụng skill 9x, cưỡi ngựa Chiếu Dạ
- Hướng dẫn sử dụng trick Ma Vân Kiếm Khí với Hoa Sơn kiếm
- Hoàn thiện script và giao diện hướng dẫn cho chuỗi nhiệm vụ 150
- Thêm tính năng khởi động nhiệm vụ 150 Nguyệt Ca Đảo bất kì lúc nào
- Quái ở Nguyệt Ca Đảo chết sẽ rớt Hộ Mạch Đơn
- Nhiệm vụ 150 có phần thưởng Cẩm hộp
- Cập nhật chuỗi nhiệm vụ Kiếm Gia hỗ trợ chơi offline
- Bổ sung NPC nhận đồ xanh
- Sửa các lỗi liên quan đến chuối nhiệm vụ Tín sứ
- Thêm nhiều vật phẩm vào Kỳ Trân Các
- Chỉnh sửa, cập nhật nhiều lỗi nhỏ khác
Ngay Up: 29/01/2022 - 27/02/2022
